src/businesses/business-invitations.service.ts(246,9): error TS2741: Property 'userExists' is missing in type '{ invitation: BusinessInvitation; nextResendAt: Date; }' but required in type '{ invitation: BusinessInvitation; nextResendAt: Date; userExists: boolean; }'.
